[debug] [2026-09-14T03:27:11.789Z] ----------------------------------------------------------------------
[debug] [2026-09-14T03:27:11.792Z] Command:       C:\Program Files\nodejs\node.exe C:\Users\pearlg\AppData\Roaming\npm\node_modules\firebase-tools\lib\bin\firebase.js init
[debug] [2026-09-14T03:27:11.793Z] CLI Version:   15.30.0
[debug] [2026-09-14T03:27:11.793Z] Platform:      win32
[debug] [2026-09-14T03:27:11.793Z] Node Version:  v24.16.0
[debug] [2026-09-14T03:27:11.793Z] Detected Agent: unknown
[debug] [2026-09-14T03:27:11.793Z] Time:          Mon Sep 14 2026 05:27:11 GMT+0200 (South Africa Standard Time)
[debug] [2026-09-14T03:27:11.793Z] ----------------------------------------------------------------------
[debug] 
[debug] [2026-09-14T03:27:11.810Z] >>> [apiv2][query] GET https://firebase-public.firebaseio.com/cli.json [none]
[info] 
     ######## #### ########  ######## ########     ###     ######  ########
     ##        ##  ##     ## ##       ##     ##  ##   ##  ##       ##
     ######    ##  ########  ######   ########  #########  ######  ######
     ##        ##  ##    ##  ##       ##     ## ##     ##       ## ##
     ##       #### ##     ## ######## ########  ##     ##  ######  ########

You're about to initialize a Firebase project in this directory:

  C:\Users\pearlg\Documents\GitHub\hhs_new\HHS

[debug] [2026-09-14T03:27:14.702Z] <<< [apiv2][status] GET https://firebase-public.firebaseio.com/cli.json 200
[debug] [2026-09-14T03:27:14.702Z] <<< [apiv2][body] GET https://firebase-public.firebaseio.com/cli.json {"cloudBuildErrorAfter":1594252800000,"cloudBuildWarnAfter":1590019200000,"defaultNode10After":1594252800000,"minVersion":"3.0.5","node8DeploysDisabledAfter":1613390400000,"node8RuntimeDisabledAfter":1615809600000,"node8WarnAfter":1600128000000}
[info] 
=== Project Setup
[info] 
[info] First, let's associate this project directory with a Firebase project.
[info] You can create multiple project aliases by running firebase use --add, 
[info] 
[debug] [2026-09-14T03:27:59.002Z] > command requires scopes: ["email","openid","https://www.googleapis.com/auth/cloudplatformprojects.readonly","https://www.googleapis.com/auth/firebase","https://www.googleapis.com/auth/cloud-platform"]
[debug] [2026-09-14T03:27:59.002Z] > authorizing via signed-in user (graham.pearl@gmail.com)
[debug] [2026-09-14T03:27:59.004Z] Checked if tokens are valid: false, expires at: 1783235169575
[debug] [2026-09-14T03:27:59.004Z] Checked if tokens are valid: false, expires at: 1783235169575
[debug] [2026-09-14T03:27:59.004Z] > refreshing access token with scopes: []
[debug] [2026-09-14T03:27:59.007Z] >>> [apiv2][query] POST https://www.googleapis.com/oauth2/v3/token [none]
[debug] [2026-09-14T03:27:59.007Z] >>> [apiv2][body] POST https://www.googleapis.com/oauth2/v3/token [omitted]
[debug] [2026-09-14T03:27:59.786Z] <<< [apiv2][status] POST https://www.googleapis.com/oauth2/v3/token 200
[debug] [2026-09-14T03:27:59.787Z] <<< [apiv2][body] POST https://www.googleapis.com/oauth2/v3/token [omitted]
[debug] [2026-09-14T03:27:59.800Z] >>> [apiv2][query] GET https://firebase.googleapis.com/v1beta1/projects pageSize=100
[debug] [2026-09-14T03:28:00.774Z] <<< [apiv2][status] GET https://firebase.googleapis.com/v1beta1/projects 200
[debug] [2026-09-14T03:28:00.775Z] <<< [apiv2][body] GET https://firebase.googleapis.com/v1beta1/projects [omitted]
[info] 
=== Hosting Setup
[debug] [2026-09-14T03:28:09.427Z] Checked if tokens are valid: true, expires at: 1789360078787
[debug] [2026-09-14T03:28:09.427Z] Checked if tokens are valid: true, expires at: 1789360078787
[debug] [2026-09-14T03:28:09.428Z] >>> [apiv2][query] GET https://firebase.googleapis.com/v1beta1/projects/hhs-students [none]
[debug] [2026-09-14T03:28:10.275Z] <<< [apiv2][status] GET https://firebase.googleapis.com/v1beta1/projects/hhs-students 200
[debug] [2026-09-14T03:28:10.275Z] <<< [apiv2][body] GET https://firebase.googleapis.com/v1beta1/projects/hhs-students {"projectId":"hhs-students","projectNumber":"217061577342","displayName":"hhs-students","name":"projects/hhs-students","resources":{"hostingSite":"hhs-students"},"state":"ACTIVE","labels":{"firebase":"enabled"},"etag":"1_e6b628fe-8650-49f3-b3a4-60b2711a0ef8"}
[info] 
[info] Your public directory is the folder (relative to your project directory) that
[info] will contain Hosting assets to be uploaded with firebase deploy. If you
[info] have a build process for your assets, use your build's output directory.
[info] 
[info] 
[info] i  Didn't detect a .git folder. Assuming C:\Users\pearlg\Documents\GitHub\hhs_new\HHS is the project root. 
[info] i  Authorizing with GitHub to upload your service account to a GitHub repository's secrets store. 
[info] 
[info] Visit this URL on this device to log in:
[info] https://github.com/login/oauth/authorize?client_id=89cf50f02ac6aaed3484&state=148129172&redirect_uri=http%3A%2F%2Flocalhost%3A9005&scope=read%3Auser%20repo%20public_repo
[info] 
[info] Waiting for authentication...
[debug] [2026-09-14T03:28:30.240Z] >>> [apiv2][query] POST https://github.com/login/oauth/access_token [none]
[debug] [2026-09-14T03:28:30.240Z] >>> [apiv2][body] POST https://github.com/login/oauth/access_token [stream]
[debug] [2026-09-14T03:28:30.932Z] <<< [apiv2][status] POST https://github.com/login/oauth/access_token 200
[debug] [2026-09-14T03:28:30.933Z] <<< [apiv2][body] POST https://github.com/login/oauth/access_token {"access_token":"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","token_type":"bearer","scope":"read:user,repo"}
[debug] [2026-09-14T03:28:30.943Z] >>> [apiv2][query] GET https://api.github.com/user [none]
[debug] [2026-09-14T03:28:31.575Z] <<< [apiv2][status] GET https://api.github.com/user 200
[debug] [2026-09-14T03:28:31.575Z] <<< [apiv2][body] GET https://api.github.com/user {"login":"GrahamPearl","id":34150464,"node_id":"MDQ6VXNlcjM0MTUwNDY0","avatar_url":"https://avatars.githubusercontent.com/u/34150464?v=4","gravatar_id":"","url":"https://api.github.com/users/GrahamPearl","html_url":"https://github.com/GrahamPearl","followers_url":"https://api.github.com/users/GrahamPearl/followers","following_url":"https://api.github.com/users/GrahamPearl/following{/other_user}","gists_url":"https://api.github.com/users/GrahamPearl/gists{/gist_id}","starred_url":"https://api.github.com/users/GrahamPearl/starred{/owner}{/repo}","subscriptions_url":"https://api.github.com/users/GrahamPearl/subscriptions","organizations_url":"https://api.github.com/users/GrahamPearl/orgs","repos_url":"https://api.github.com/users/GrahamPearl/repos","events_url":"https://api.github.com/users/GrahamPearl/events{/privacy}","received_events_url":"https://api.github.com/users/GrahamPearl/received_events","type":"User","user_view_type":"private","site_admin":false,"name":"Graham Pearl","company":"Hillcrest High School","blog":"https://www.hhs.co.za/","location":"https://maps.app.goo.gl/dxw4SCatn9RHNpeLA","email":null,"hireable":null,"bio":"ICT (Coding&Robotics) Teacher @HHS-Durban, @HHS-INF10, @HHS-INF11 ","twitter_username":null,"notification_email":null,"public_repos":8,"public_gists":0,"followers":16,"following":7,"created_at":"2017-12-01T04:26:07Z","updated_at":"2026-07-25T09:12:34Z","private_gists":0,"total_private_repos":1,"owned_private_repos":1,"disk_usage":250262,"collaborators":0,"two_factor_authentication":true,"plan":{"name":"free","space":976562499,"collaborators":0,"private_repos":10000}}
[info] 
[info] +  Success! Logged into GitHub as GrahamPearl 
[info] 
[debug] [2026-09-14T03:28:47.345Z] >>> [apiv2][query] GET https://api.github.com/repos//actions/secrets/public-key type=owner
[debug] [2026-09-14T03:28:47.767Z] <<< [apiv2][status] GET https://api.github.com/repos//actions/secrets/public-key 404
[debug] [2026-09-14T03:28:47.767Z] <<< [apiv2][body] GET https://api.github.com/repos//actions/secrets/public-key {"message":"Not Found","documentation_url":"https://docs.github.com/rest","status":"404"}
[info] 
[info] 
[error] !  The provided authorization cannot be used with this repository. If this repository is in an organization, did you remember to grant access? 
[info] 
[info] i  Action required: Visit this URL to ensure access has been granted to the appropriate organization(s) for the Firebase CLI GitHub OAuth App: 
[info] https://github.com/settings/connections/applications/89cf50f02ac6aaed3484
[info] 
